mysql> create table test (i intt);
ERROR 1064: syntax error near 'intt)' at line 1
mysql> create table test (i int);
Query OK, 0 rows affected (0.00 sec)

mysql> insert into test values(1);
Query OK, 1 row affected (0.01 sec)

mysql> select * from test;
mysql> create table test (i tinyint);
mysql> create table test (d decimal(6,2) zerofill);
mysql> insert into test values(123.45);
Query OK, 1 row affected (0.00 sec)
\女
\2
2\\
quiz2 (學號, 姓名, sql-分數, 考試日期)
mysql> update quiz2 set s=48 where id = '891506101';

